lat,lon,depth,confidence,anomaly_type
30.5,30.0,1.0,0.85,gravity_anomaly
30.8,30.3,1.5,0.92,magnetic_anomaly
31.1,30.6,2.0,0.78,fused_anomaly
30.2,29.8,0.5,0.95,seismic_anomaly
31.4,30.9,2.5,0.81,insar_displacement